// Jest Snapshot v1, https://goo.gl/fbAQLP

exports[`@hydrofoil/shape-to-query shapeToQuery construct shacl advanced features rules filter shape is applied correctly in SPO Rule 1`] = `
"CONSTRUCT {
  ?q1 rdf:type <http://example.org/Object>.
  ?q1 ?q2 ?q3.
}
WHERE {
  ?q1 rdf:type <http://example.org/Object>;
    ?q2 ?q3.
  ?q2 rdfs:subPropertyOf ?q4.
  ?q3 rdf:type ?q5.
  VALUES ?q4 {
    skos:related
  }
  VALUES ?q5 {
    schema:Organization
  }
}"
`;
